// Jest Snapshot v1, https://goo.gl/fbAQLP

exports[`Logo renders properly 1`] = `"<div><img src=\\"@/assets/images/logo.png\\" alt=\\"logo\\"></div>"`;
